{"timestamp":"2026-09-02T09:51:20.239Z","level":"warn","message":"Database insert failed, using mock store fallback","context":{"error":"Failed to connect to localhost:1433 - Could not connect (sequence)"}}
{"timestamp":"2026-09-02T09:51:20.368Z","level":"info","message":"User created in mock store","context":{"userId":5,"email":"eosei@gpcl.com"}}
{"timestamp":"2026-09-02T09:51:20.374Z","level":"warn","message":"Failed to fetch users from database, using mock fallback","context":{"error":"Failed to connect to localhost:1433 - Could not connect (sequence)"}}
{"timestamp":"2026-09-02T09:51:20.688Z","level":"warn","message":"Database update failed, applying update to mock store","context":{"error":"Failed to connect to localhost:1433 - Could not connect (sequence)"}}
{"timestamp":"2026-09-02T09:51:20.695Z","level":"info","message":"Updated user account in mock store","context":{"userId":1}}
{"timestamp":"2026-09-03T02:22:18.616Z","level":"warn","message":"Database insert failed","context":{"error":"Failed to connect to localhost:1433 - Could not connect (sequence)"}}
{"timestamp":"2026-09-03T02:22:18.727Z","level":"info","message":"User created in mock store (dev mode)","context":{"userId":5,"email":"eosei@gpcl.com"}}
{"timestamp":"2026-09-03T02:22:18.734Z","level":"warn","message":"Failed to fetch users from database","context":{"error":"Failed to connect to localhost:1433 - Could not connect (sequence)"}}
{"timestamp":"2026-09-03T02:22:19.024Z","level":"warn","message":"Database update failed","context":{"error":"Failed to connect to localhost:1433 - Could not connect (sequence)"}}
{"timestamp":"2026-09-03T02:22:19.027Z","level":"info","message":"Updated user account in mock store (dev mode)","context":{"userId":1}}
{"timestamp":"2026-09-03T02:22:26.338Z","level":"warn","message":"Database insert failed","context":{"error":"Failed to connect to localhost:1433 - Could not connect (sequence)"}}
{"timestamp":"2026-09-03T02:22:26.354Z","level":"info","message":"User created in mock store (dev mode)","context":{"userId":5,"email":"eosei@gpcl.com"}}
{"timestamp":"2026-09-03T02:22:26.361Z","level":"warn","message":"Failed to fetch users from database","context":{"error":"Failed to connect to localhost:1433 - Could not connect (sequence)"}}
{"timestamp":"2026-09-03T02:22:26.669Z","level":"warn","message":"Database update failed","context":{"error":"Failed to connect to localhost:1433 - Could not connect (sequence)"}}
{"timestamp":"2026-09-03T02:22:26.672Z","level":"info","message":"Updated user account in mock store (dev mode)","context":{"userId":1}}
{"timestamp":"2026-09-03T02:23:04.743Z","level":"warn","message":"Database insert failed","context":{"error":"Failed to connect to localhost:1433 - Could not connect (sequence)"}}
{"timestamp":"2026-09-03T02:23:04.760Z","level":"info","message":"User created in mock store (dev mode)","context":{"userId":5,"email":"eosei@gpcl.com"}}
{"timestamp":"2026-09-03T02:23:04.768Z","level":"warn","message":"Failed to fetch users from database","context":{"error":"Failed to connect to localhost:1433 - Could not connect (sequence)"}}
{"timestamp":"2026-09-03T02:23:05.071Z","level":"warn","message":"Database update failed","context":{"error":"Failed to connect to localhost:1433 - Could not connect (sequence)"}}
{"timestamp":"2026-09-03T02:23:05.075Z","level":"info","message":"Updated user account in mock store (dev mode)","context":{"userId":1}}
{"timestamp":"2026-09-03T02:23:40.738Z","level":"warn","message":"Database insert failed","context":{"error":"Failed to connect to localhost:1433 - Could not connect (sequence)"}}
{"timestamp":"2026-09-03T02:23:40.757Z","level":"info","message":"User created in mock store (dev mode)","context":{"userId":5,"email":"eosei@gpcl.com"}}
{"timestamp":"2026-09-03T02:23:40.765Z","level":"warn","message":"Failed to fetch users from database","context":{"error":"Failed to connect to localhost:1433 - Could not connect (sequence)"}}
{"timestamp":"2026-09-03T02:23:41.079Z","level":"warn","message":"Database update failed","context":{"error":"Failed to connect to localhost:1433 - Could not connect (sequence)"}}
{"timestamp":"2026-09-03T02:23:41.082Z","level":"info","message":"Updated user account in mock store (dev mode)","context":{"userId":1}}
{"timestamp":"2026-09-03T02:37:49.867Z","level":"warn","message":"Database insert failed","context":{"error":"Failed to connect to localhost:1433 - Could not connect (sequence)"}}
{"timestamp":"2026-09-03T02:37:49.888Z","level":"info","message":"User created in mock store (dev mode)","context":{"userId":5,"email":"eosei@gpcl.com"}}
{"timestamp":"2026-09-03T02:37:49.895Z","level":"warn","message":"Failed to fetch users from database","context":{"error":"Failed to connect to localhost:1433 - Could not connect (sequence)"}}
{"timestamp":"2026-09-03T02:37:50.196Z","level":"warn","message":"Database update failed","context":{"error":"Failed to connect to localhost:1433 - Could not connect (sequence)"}}
{"timestamp":"2026-09-03T02:37:50.200Z","level":"info","message":"Updated user account in mock store (dev mode)","context":{"userId":1}}
{"timestamp":"2026-09-03T02:39:06.794Z","level":"warn","message":"Database insert failed","context":{"error":"Failed to connect to localhost:1433 - Could not connect (sequence)"}}
{"timestamp":"2026-09-03T02:39:06.807Z","level":"info","message":"User created in mock store (dev mode)","context":{"userId":5,"email":"eosei@gpcl.com"}}
{"timestamp":"2026-09-03T02:39:06.815Z","level":"warn","message":"Failed to fetch users from database","context":{"error":"Failed to connect to localhost:1433 - Could not connect (sequence)"}}
{"timestamp":"2026-09-03T02:39:07.104Z","level":"warn","message":"Database update failed","context":{"error":"Failed to connect to localhost:1433 - Could not connect (sequence)"}}
{"timestamp":"2026-09-03T02:39:07.107Z","level":"info","message":"Updated user account in mock store (dev mode)","context":{"userId":1}}
{"timestamp":"2026-09-03T02:39:54.968Z","level":"warn","message":"Database insert failed","context":{"error":"Failed to connect to localhost:1433 - Could not connect (sequence)"}}
{"timestamp":"2026-09-03T02:39:54.983Z","level":"info","message":"User created in mock store (dev mode)","context":{"userId":5,"email":"eosei@gpcl.com"}}
{"timestamp":"2026-09-03T02:39:54.989Z","level":"warn","message":"Failed to fetch users from database","context":{"error":"Failed to connect to localhost:1433 - Could not connect (sequence)"}}
{"timestamp":"2026-09-03T02:39:55.270Z","level":"warn","message":"Database update failed","context":{"error":"Failed to connect to localhost:1433 - Could not connect (sequence)"}}
{"timestamp":"2026-09-03T02:39:55.273Z","level":"info","message":"Updated user account in mock store (dev mode)","context":{"userId":1}}
{"timestamp":"2026-09-03T03:02:43.207Z","level":"warn","message":"Database insert failed","context":{"error":"Failed to connect to localhost:1433 - Could not connect (sequence)"}}
{"timestamp":"2026-09-03T03:02:43.220Z","level":"info","message":"User created in mock store (dev mode)","context":{"userId":5,"email":"eosei@gpcl.com"}}
{"timestamp":"2026-09-03T03:02:43.227Z","level":"warn","message":"Failed to fetch users from database","context":{"error":"Failed to connect to localhost:1433 - Could not connect (sequence)"}}
{"timestamp":"2026-09-03T03:02:43.522Z","level":"warn","message":"Database update failed","context":{"error":"Failed to connect to localhost:1433 - Could not connect (sequence)"}}
{"timestamp":"2026-09-03T03:02:43.525Z","level":"info","message":"Updated user account in mock store (dev mode)","context":{"userId":1}}
{"timestamp":"2026-09-03T03:04:22.867Z","level":"warn","message":"Database insert failed","context":{"error":"Failed to connect to localhost:1433 - Could not connect (sequence)"}}
{"timestamp":"2026-09-03T03:04:22.881Z","level":"info","message":"User created in mock store (dev mode)","context":{"userId":5,"email":"eosei@gpcl.com"}}
{"timestamp":"2026-09-03T03:04:22.888Z","level":"warn","message":"Failed to fetch users from database","context":{"error":"Failed to connect to localhost:1433 - Could not connect (sequence)"}}
{"timestamp":"2026-09-03T03:04:23.178Z","level":"warn","message":"Database update failed","context":{"error":"Failed to connect to localhost:1433 - Could not connect (sequence)"}}
{"timestamp":"2026-09-03T03:04:23.180Z","level":"info","message":"Updated user account in mock store (dev mode)","context":{"userId":1}}
{"timestamp":"2026-09-03T03:10:02.716Z","level":"warn","message":"Database insert failed","context":{"error":"Failed to connect to localhost:1433 - Could not connect (sequence)"}}
{"timestamp":"2026-09-03T03:10:02.730Z","level":"info","message":"User created in mock store (dev mode)","context":{"userId":5,"email":"eosei@gpcl.com"}}
{"timestamp":"2026-09-03T03:10:02.737Z","level":"warn","message":"Failed to fetch users from database","context":{"error":"Failed to connect to localhost:1433 - Could not connect (sequence)"}}
{"timestamp":"2026-09-03T03:10:03.036Z","level":"warn","message":"Database update failed","context":{"error":"Failed to connect to localhost:1433 - Could not connect (sequence)"}}
{"timestamp":"2026-09-03T03:10:03.038Z","level":"info","message":"Updated user account in mock store (dev mode)","context":{"userId":1}}
{"timestamp":"2026-09-03T03:12:19.568Z","level":"warn","message":"Database insert failed","context":{"error":"Failed to connect to localhost:1433 - Could not connect (sequence)"}}
{"timestamp":"2026-09-03T03:12:19.583Z","level":"info","message":"User created in mock store (dev mode)","context":{"userId":5,"email":"eosei@gpcl.com"}}
{"timestamp":"2026-09-03T03:12:19.590Z","level":"warn","message":"Failed to fetch users from database","context":{"error":"Failed to connect to localhost:1433 - Could not connect (sequence)"}}
{"timestamp":"2026-09-03T03:12:19.887Z","level":"warn","message":"Database update failed","context":{"error":"Failed to connect to localhost:1433 - Could not connect (sequence)"}}
{"timestamp":"2026-09-03T03:12:19.890Z","level":"info","message":"Updated user account in mock store (dev mode)","context":{"userId":1}}
{"timestamp":"2026-09-03T03:16:54.831Z","level":"warn","message":"Database insert failed","context":{"error":"Failed to connect to localhost:1433 - Could not connect (sequence)"}}
{"timestamp":"2026-09-03T03:16:54.844Z","level":"info","message":"User created in mock store (dev mode)","context":{"userId":5,"email":"eosei@gpcl.com"}}
{"timestamp":"2026-09-03T03:16:54.850Z","level":"warn","message":"Failed to fetch users from database","context":{"error":"Failed to connect to localhost:1433 - Could not connect (sequence)"}}
{"timestamp":"2026-09-03T03:16:55.136Z","level":"warn","message":"Database update failed","context":{"error":"Failed to connect to localhost:1433 - Could not connect (sequence)"}}
{"timestamp":"2026-09-03T03:16:55.139Z","level":"info","message":"Updated user account in mock store (dev mode)","context":{"userId":1}}
{"timestamp":"2026-09-03T03:17:12.096Z","level":"warn","message":"Database insert failed","context":{"error":"Failed to connect to localhost:1433 - Could not connect (sequence)"}}
{"timestamp":"2026-09-03T03:17:12.111Z","level":"info","message":"User created in mock store (dev mode)","context":{"userId":5,"email":"eosei@gpcl.com"}}
{"timestamp":"2026-09-03T03:17:12.118Z","level":"warn","message":"Failed to fetch users from database","context":{"error":"Failed to connect to localhost:1433 - Could not connect (sequence)"}}
{"timestamp":"2026-09-03T03:17:12.401Z","level":"warn","message":"Database update failed","context":{"error":"Failed to connect to localhost:1433 - Could not connect (sequence)"}}
{"timestamp":"2026-09-03T03:17:12.404Z","level":"info","message":"Updated user account in mock store (dev mode)","context":{"userId":1}}
{"timestamp":"2026-09-03T06:11:34.246Z","level":"warn","message":"Database insert failed","context":{"error":"Failed to connect to localhost:1433 - Could not connect (sequence)"}}
{"timestamp":"2026-09-03T06:11:34.340Z","level":"info","message":"User created in mock store (dev mode)","context":{"userId":5,"email":"eosei@gpcl.com"}}
{"timestamp":"2026-09-03T06:11:34.346Z","level":"warn","message":"Failed to fetch users from database","context":{"error":"Failed to connect to localhost:1433 - Could not connect (sequence)"}}
{"timestamp":"2026-09-03T06:11:34.630Z","level":"warn","message":"Database update failed","context":{"error":"Failed to connect to localhost:1433 - Could not connect (sequence)"}}
{"timestamp":"2026-09-03T06:11:34.633Z","level":"info","message":"Updated user account in mock store (dev mode)","context":{"userId":1}}
{"timestamp":"2026-09-03T06:12:26.802Z","level":"warn","message":"Database insert failed","context":{"error":"Failed to connect to localhost:1433 - Could not connect (sequence)"}}
{"timestamp":"2026-09-03T06:12:26.816Z","level":"info","message":"User created in mock store (dev mode)","context":{"userId":5,"email":"eosei@gpcl.com"}}
{"timestamp":"2026-09-03T06:12:26.822Z","level":"warn","message":"Failed to fetch users from database","context":{"error":"Failed to connect to localhost:1433 - Could not connect (sequence)"}}
{"timestamp":"2026-09-03T06:12:27.110Z","level":"warn","message":"Database update failed","context":{"error":"Failed to connect to localhost:1433 - Could not connect (sequence)"}}
{"timestamp":"2026-09-03T06:12:27.113Z","level":"info","message":"Updated user account in mock store (dev mode)","context":{"userId":1}}
{"timestamp":"2026-09-03T09:05:56.113Z","level":"info","message":"Successful login","context":{"userId":1,"email":"admin@gpcl.com"}}
{"timestamp":"2026-09-03T09:06:21.544Z","level":"info","message":"Successful login","context":{"userId":1,"email":"admin@gpcl.com"}}
{"timestamp":"2026-09-03T09:06:21.611Z","level":"info","message":"Role created","context":{"roleId":1003,"name":"Quality Assurance Manager"}}
{"timestamp":"2026-09-03T09:14:31.857Z","level":"info","message":"Successful login","context":{"userId":1,"email":"admin@gpcl.com"}}
{"timestamp":"2026-09-03T09:17:35.828Z","level":"info","message":"Successful login","context":{"userId":1,"email":"admin@gpcl.com"}}
{"timestamp":"2026-09-03T09:20:08.448Z","level":"info","message":"Successful login","context":{"userId":1,"email":"admin@gpcl.com"}}
{"timestamp":"2026-09-03T09:20:08.575Z","level":"info","message":"Role created","context":{"roleId":1004,"name":"Final Test Role"}}
{"timestamp":"2026-09-03T09:21:41.965Z","level":"info","message":"Successful login","context":{"userId":1,"email":"admin@gpcl.com"}}
{"timestamp":"2026-09-03T09:21:42.081Z","level":"info","message":"Role created","context":{"roleId":1005,"name":"Build Manager"}}
{"timestamp":"2026-09-03T09:24:57.772Z","level":"info","message":"Successful login","context":{"userId":1,"email":"admin@gpcl.com"}}
{"timestamp":"2026-09-03T09:24:57.824Z","level":"info","message":"Role created","context":{"roleId":1006,"name":"HR Manager"}}
{"timestamp":"2026-09-03T10:26:00.812Z","level":"info","message":"Successful login","context":{"userId":1,"email":"admin@gpcl.com"}}
{"timestamp":"2026-09-03T10:26:01.333Z","level":"info","message":"User created in database","context":{"userId":3,"email":"deploy-test-1136387756@gpcl.com"}}
{"timestamp":"2026-09-03T10:26:01.384Z","level":"info","message":"Updated user account in DB","context":{"userId":3,"changes":["name changed to \"Updated Deploy User\"","role changed to SENIOR_ACCOUNTANT"]}}
{"timestamp":"2026-09-03T10:34:13.652Z","level":"info","message":"Successful login","context":{"userId":1,"email":"admin@gpcl.com"}}
{"timestamp":"2026-09-03T10:38:36.908Z","level":"info","message":"Successful login","context":{"userId":1,"email":"admin@gpcl.com"}}
{"timestamp":"2026-09-29T15:49:12.164Z","level":"warn","message":"Database insert failed","context":{"error":"Failed to connect to localhost:1433 - Could not connect (sequence)"}}
{"timestamp":"2026-09-29T15:49:12.290Z","level":"info","message":"User created in mock store (dev mode)","context":{"userId":5,"email":"eosei@gpcl.com"}}
{"timestamp":"2026-09-29T15:49:12.297Z","level":"warn","message":"Failed to fetch users from database","context":{"error":"Failed to connect to localhost:1433 - Could not connect (sequence)"}}
{"timestamp":"2026-09-29T15:49:12.612Z","level":"warn","message":"Database update failed","context":{"error":"Failed to connect to localhost:1433 - Could not connect (sequence)"}}
{"timestamp":"2026-09-29T15:49:12.615Z","level":"info","message":"Updated user account in mock store (dev mode)","context":{"userId":1}}
